2026-10-09 22:31:22 | 登录 Baostock...
2026-10-09 22:31:22 | login success! | 0 success
2026-10-09 22:31:22 | [2/4] 股票池: 3 只
2026-10-09 22:31:22 | [3/4] 计算中...
2026-10-09 22:31:22 | 基本面查询 sh.600519 | 2026Q2 | 错误码:0
2026-10-09 22:31:22 | ✅ sh.600519 取 2026Q2 ROE=0.179543
2026-10-09 22:31:22 | 估值兜底异常: 'ResultData' object has no attribute 'rows'
2026-10-09 22:31:22 | [1/3] 600519 | 技术=30 | ROE=0.179543
2026-10-09 22:31:22 | 基本面查询 sz.000001 | 2026Q2 | 错误码:0
2026-10-09 22:31:22 | ✅ sz.000001 取 2026Q2 ROE=0.046746
2026-10-09 22:31:23 | 估值兜底异常: 'ResultData' object has no attribute 'rows'
2026-10-09 22:31:23 | [2/3] 000001 | 技术=30 | ROE=0.046746
2026-10-09 22:31:23 | 基本面查询 sz.300750 | 2026Q2 | 错误码:0
2026-10-09 22:31:23 | ✅ sz.300750 取 2026Q2 ROE=0.120827
2026-10-09 22:31:24 | 估值兜底异常: 'ResultData' object has no attribute 'rows'
2026-10-09 22:31:24 | [3/3] 300750 | 技术=30 | ROE=0.120827
2026-10-09 22:31:24 | [4/4] 输出...
2026-10-09 22:31:24 | snapshot.json: 3 条
2026-10-09 22:31:24 | tech.json: 3 条
2026-10-09 22:31:24 | logout success!
2026-10-09 22:36:06 | 登录 Baostock...
2026-10-09 22:36:06 | login success! | 0 success
2026-10-09 22:36:06 | [2/4] 股票池: 3 只
2026-10-09 22:36:06 | [3/4] 计算中...
2026-10-09 22:36:06 | ✅ sh.600519 取 2026Q2 ROE=0.179543
2026-10-09 22:36:06 | 估值兜底 sh.600519 | PE=19.388135, PB=6.283902
2026-10-09 22:36:06 | [1/3] 600519 | 技术=30 | ROE=0.179543
2026-10-09 22:36:08 | ✅ sz.000001 取 2026Q2 ROE=0.046746
2026-10-09 22:36:08 | 估值兜底 sz.000001 | PE=5.175328, PB=0.480367
2026-10-09 22:36:08 | [2/3] 000001 | 技术=30 | ROE=0.046746
2026-10-09 22:36:08 | ✅ sz.300750 取 2026Q2 ROE=0.120827
2026-10-09 22:36:08 | 估值兜底 sz.300750 | PE=16.208956, PB=3.631871
2026-10-09 22:36:08 | [3/3] 300750 | 技术=50 | ROE=0.120827
2026-10-09 22:36:08 | [4/4] 输出...
2026-10-09 22:36:08 | snapshot.json: 3 条
2026-10-09 22:36:08 | tech.json: 3 条
2026-10-09 22:36:08 | logout success!
